// Jest Snapshot v1, https://goo.gl/fbAQLP

exports[`AddActivityForm actions should dispatch "ADD_ACTIVITY_ERROR" with error 1`] = `
Array [
  Object {
    "error": [Error],
    "type": "logbook.ADD_ACTIVITY_ERROR",
  },
]
`

exports[`AddActivityForm actions should dispatch "ADD_ACTIVITY_TYPE" with title "Test1" and id "1" 1`] = `
Array [
  Object {
    "createdAt": 1525903200,
    "id": "1",
    "title": "Test1",
    "type": "logbook.AddActivityForm.ADD_ACTIVITY_TYPE",
  },
]
`
